
> koa21@2.0.0 dev E:\360Data\koa21
> cross-env NODE_ENV=development nodemon app.js

[33m[nodemon] 3.1.7[39m
[33m[nodemon] to restart at any time, enter `rs`[39m
[33m[nodemon] watching path(s): *.*[39m
[33m[nodemon] watching extensions: js,mjs,cjs,json[39m
[32m[nodemon] starting `node app.js`[39m
[32m[2026-09-18 16:17:31.449] [INFO] db[39m PostgreSQL 连接配置: postgres@localhost:5433/koa_cms
[32m[2026-09-18 16:17:31.761] [INFO] app[39m PostgreSQL 已连接：PostgreSQL 18.1 on x86_64-windows
[32m[2026-09-18 16:17:31.765] [INFO] app[39m 环境：development | 监听：http://0.0.0.0:3001
[32m[2026-09-18 16:17:31.765] [INFO] app[39m 后台：http://localhost:3001/admin/login
[36m[2026-09-18 16:17:39.293] [DEBUG] app[39m GET /admin/login 200 21ms
[36m[2026-09-18 16:17:43.239] [DEBUG] app[39m GET /admin/login 200 6ms
[36m[2026-09-18 16:17:49.178] [DEBUG] app[39m GET /admin/login 200 10ms
[36m[2026-09-18 16:17:49.208] [DEBUG] app[39m GET /admin/css/bootstrap.min.css 200 5ms
[36m[2026-09-18 16:17:49.261] [DEBUG] app[39m GET /admin/js/jquery-2.0.3.min.js 200 6ms
2ySE
[36m[2026-09-18 16:17:49.272] [DEBUG] app[39m GET /admin/login/code 200 17ms
[36m[2026-09-18 16:17:49.273] [DEBUG] app[39m GET /admin/css/ace-rtl.min.css 200 18ms
[36m[2026-09-18 16:17:49.275] [DEBUG] app[39m GET /admin/css/font-awesome.min.css 200 19ms
[36m[2026-09-18 16:17:49.276] [DEBUG] app[39m GET /admin/css/ace.min.css 200 20ms
[36m[2026-09-18 16:17:49.329] [DEBUG] app[39m GET /admin/font/fontawesome-webfont.woff?v=3.2.1 200 2ms
[36m[2026-09-18 16:17:49.350] [DEBUG] app[39m GET /favicon.ico 200 2ms
